Archive member included to satisfy reference by file (symbol)

c:/program files (x86)/atmel/studio/7.0/toolchain/arm/arm-gnu-toolchain/bin/../lib/gcc/arm-none-eabi/6.2.1/../../../../arm-none-eabi/lib/thumb/v7e-m\libc.a(lib_a-exit.o)
                              c:/program files (x86)/atmel/studio/7.0/toolchain/arm/arm-gnu-toolchain/bin/../lib/gcc/arm-none-eabi/6.2.1/../../../../arm-none-eabi/lib/thumb/v7e-m/crt0.o (exit)
c:/program files (x86)/atmel/studio/7.0/toolchain/arm/arm-gnu-toolchain/bin/../lib/gcc/arm-none-eabi/6.2.1/../../../../arm-none-eabi/lib/thumb/v7e-m\libc.a(lib_a-impure.o)
                              c:/program files (x86)/atmel/studio/7.0/toolchain/arm/arm-gnu-toolchain/bin/../lib/gcc/arm-none-eabi/6.2.1/../../../../arm-none-eabi/lib/thumb/v7e-m\libc.a(lib_a-exit.o) (_global_impure_ptr)
c:/program files (x86)/atmel/studio/7.0/toolchain/arm/arm-gnu-toolchain/bin/../lib/gcc/arm-none-eabi/6.2.1/../../../../arm-none-eabi/lib/thumb/v7e-m\libc.a(lib_a-init.o)
                              c:/program files (x86)/atmel/studio/7.0/toolchain/arm/arm-gnu-toolchain/bin/../lib/gcc/arm-none-eabi/6.2.1/../../../../arm-none-eabi/lib/thumb/v7e-m/crt0.o (__libc_init_array)
c:/program files (x86)/atmel/studio/7.0/toolchain/arm/arm-gnu-toolchain/bin/../lib/gcc/arm-none-eabi/6.2.1/../../../../arm-none-eabi/lib/thumb/v7e-m\libc.a(lib_a-memset.o)
                              c:/program files (x86)/atmel/studio/7.0/toolchain/arm/arm-gnu-toolchain/bin/../lib/gcc/arm-none-eabi/6.2.1/../../../../arm-none-eabi/lib/thumb/v7e-m/crt0.o (memset)
c:/program files (x86)/atmel/studio/7.0/toolchain/arm/arm-gnu-toolchain/bin/../lib/gcc/arm-none-eabi/6.2.1/../../../../arm-none-eabi/lib/thumb/v7e-m\libc.a(lib_a-__call_atexit.o)
                              c:/program files (x86)/atmel/studio/7.0/toolchain/arm/arm-gnu-toolchain/bin/../lib/gcc/arm-none-eabi/6.2.1/../../../../arm-none-eabi/lib/thumb/v7e-m\libc.a(lib_a-exit.o) (__call_exitprocs)
c:/program files (x86)/atmel/studio/7.0/toolchain/arm/arm-gnu-toolchain/bin/../lib/gcc/arm-none-eabi/6.2.1/../../../../arm-none-eabi/lib/thumb/v7e-m\libc.a(lib_a-atexit.o)
                              c:/program files (x86)/atmel/studio/7.0/toolchain/arm/arm-gnu-toolchain/bin/../lib/gcc/arm-none-eabi/6.2.1/../../../../arm-none-eabi/lib/thumb/v7e-m\libc.a(lib_a-__call_atexit.o) (atexit)
c:/program files (x86)/atmel/studio/7.0/toolchain/arm/arm-gnu-toolchain/bin/../lib/gcc/arm-none-eabi/6.2.1/../../../../arm-none-eabi/lib/thumb/v7e-m\libc.a(lib_a-fini.o)
                              c:/program files (x86)/atmel/studio/7.0/toolchain/arm/arm-gnu-toolchain/bin/../lib/gcc/arm-none-eabi/6.2.1/../../../../arm-none-eabi/lib/thumb/v7e-m\libc.a(lib_a-__call_atexit.o) (__libc_fini_array)
c:/program files (x86)/atmel/studio/7.0/toolchain/arm/arm-gnu-toolchain/bin/../lib/gcc/arm-none-eabi/6.2.1/../../../../arm-none-eabi/lib/thumb/v7e-m\libc.a(lib_a-__atexit.o)
                              c:/program files (x86)/atmel/studio/7.0/toolchain/arm/arm-gnu-toolchain/bin/../lib/gcc/arm-none-eabi/6.2.1/../../../../arm-none-eabi/lib/thumb/v7e-m\libc.a(lib_a-atexit.o) (__register_exitproc)

Allocating common symbols
Common symbol       size              file

pio_capture_enable_flag
                    0x4               src/ASF/sam/drivers/pio/pio.o

Discarded input sections

 .text          0x00000000        0x0 c:/program files (x86)/atmel/studio/7.0/toolchain/arm/arm-gnu-toolchain/bin/../lib/gcc/arm-none-eabi/6.2.1/thumb/v7e-m/crti.o
 .data          0x00000000        0x0 c:/program files (x86)/atmel/studio/7.0/toolchain/arm/arm-gnu-toolchain/bin/../lib/gcc/arm-none-eabi/6.2.1/thumb/v7e-m/crti.o
 .bss           0x00000000        0x0 c:/program files (x86)/atmel/studio/7.0/toolchain/arm/arm-gnu-toolchain/bin/../lib/gcc/arm-none-eabi/6.2.1/thumb/v7e-m/crti.o
 .data          0x00000000        0x4 c:/program files (x86)/atmel/studio/7.0/toolchain/arm/arm-gnu-toolchain/bin/../lib/gcc/arm-none-eabi/6.2.1/thumb/v7e-m/crtbegin.o
 .text          0x00000000       0x74 c:/program files (x86)/atmel/studio/7.0/toolchain/arm/arm-gnu-toolchain/bin/../lib/gcc/arm-none-eabi/6.2.1/../../../../arm-none-eabi/lib/thumb/v7e-m/crt0.o
 .data          0x00000000        0x0 c:/program files (x86)/atmel/studio/7.0/toolchain/arm/arm-gnu-toolchain/bin/../lib/gcc/arm-none-eabi/6.2.1/../../../../arm-none-eabi/lib/thumb/v7e-m/crt0.o
 .bss           0x00000000        0x0 c:/program files (x86)/atmel/studio/7.0/toolchain/arm/arm-gnu-toolchain/bin/../lib/gcc/arm-none-eabi/6.2.1/../../../../arm-none-eabi/lib/thumb/v7e-m/crt0.o
 .ARM.extab     0x00000000        0x0 c:/program files (x86)/atmel/studio/7.0/toolchain/arm/arm-gnu-toolchain/bin/../lib/gcc/arm-none-eabi/6.2.1/../../../../arm-none-eabi/lib/thumb/v7e-m/crt0.o
 .ARM.exidx     0x00000000        0x8 c:/program files (x86)/atmel/studio/7.0/toolchain/arm/arm-gnu-toolchain/bin/../lib/gcc/arm-none-eabi/6.2.1/../../../../arm-none-eabi/lib/thumb/v7e-m/crt0.o
 .ARM.attributes
[...]
Memory Configuration

Name             Origin             Length             Attributes
rom              0x00400000         0x00200000         xr
ram              0x20000000         0x00028000         xrw
*default*        0x00000000         0xffffffff

Linker script and memory map

LOAD c:/program files (x86)/atmel/studio/7.0/toolchain/arm/arm-gnu-toolchain/bin/../lib/gcc/arm-none-eabi/6.2.1/thumb/v7e-m/crti.o
LOAD c:/program files (x86)/atmel/studio/7.0/toolchain/arm/arm-gnu-toolchain/bin/../lib/gcc/arm-none-eabi/6.2.1/thumb/v7e-m/crtbegin.o
LOAD c:/program files (x86)/atmel/studio/7.0/toolchain/arm/arm-gnu-toolchain/bin/../lib/gcc/arm-none-eabi/6.2.1/../../../../arm-none-eabi/lib/thumb/v7e-m/crt0.o
LOAD src/ASF/common/services/delay/sam/cycle_counter.o
LOAD src/ASF/common/services/clock/sam4s/sysclk.o
LOAD src/ASF/common/utils/interrupt/interrupt_sam_nvic.o
LOAD src/ASF/sam/boards/sam4s_ek2/init.o
LOAD src/ASF/sam/boards/sam4s_ek2/led.o
LOAD src/ASF/sam/drivers/pio/pio.o
LOAD src/ASF/sam/drivers/pio/pio_handler.o
LOAD src/ASF/sam/drivers/pmc/pmc.o
LOAD src/ASF/sam/drivers/pmc/sleep.o
LOAD src/ASF/sam/utils/cmsis/sam4s/source/templates/gcc/startup_sam4s.o
LOAD src/ASF/sam/utils/cmsis/sam4s/source/templates/system_sam4s.o
LOAD src/ASF/sam/utils/syscalls/gcc/syscalls.o
LOAD src/main.o
START GROUP
LOAD ../src/ASF/thirdparty/CMSIS/Lib/GCC\libarm_cortexM4l_math.a
LOAD c:/program files (x86)/atmel/studio/7.0/toolchain/arm/arm-gnu-toolchain/bin/../lib/gcc/arm-none-eabi/6.2.1/../../../../arm-none-eabi/lib/thumb/v7e-m\libm.a
END GROUP
START GROUP
LOAD c:/program files (x86)/atmel/studio/7.0/toolchain/arm/arm-gnu-toolchain/bin/../lib/gcc/arm-none-eabi/6.2.1/thumb/v7e-m\libgcc.a
LOAD c:/program files (x86)/atmel/studio/7.0/toolchain/arm/arm-gnu-toolchain/bin/../lib/gcc/arm-none-eabi/6.2.1/../../../../arm-none-eabi/lib/thumb/v7e-m\libc.a
END GROUP
LOAD c:/program files (x86)/atmel/studio/7.0/toolchain/arm/arm-gnu-toolchain/bin/../lib/gcc/arm-none-eabi/6.2.1/thumb/v7e-m/crtend.o
LOAD c:/program files (x86)/atmel/studio/7.0/toolchain/arm/arm-gnu-toolchain/bin/../lib/gcc/arm-none-eabi/6.2.1/thumb/v7e-m/crtn.o
                0x00003000                __stack_size__ = DEFINED (__stack_size__)?__stack_size__:0x3000
                0x20027ffc                __ram_end__ = ((ORIGIN (ram) + LENGTH (ram)) - 0x4)

.text           0x00400000      0xc04
                0x00400000                . = ALIGN (0x4)
                0x00400000                _sfixed = .
 *(.vectors .vectors.*)
 .vectors       0x00400000       0xcc src/ASF/sam/utils/cmsis/sam4s/source/templates/gcc/startup_sam4s.o
                0x00400000                exception_table
 *(.text .text.* .gnu.linkonce.t.*)
 .text          0x004000cc       0x6c c:/program files (x86)/atmel/studio/7.0/toolchain/arm/arm-gnu-toolchain/bin/../lib/gcc/arm-none-eabi/6.2.1/thumb/v7e-m/crtbegin.o
 .text.sysclk_init
                0x00400138       0x64 src/ASF/common/services/clock/sam4s/sysclk.o
                0x00400138                sysclk_init
 .text.board_init
                0x0040019c      0x144 src/ASF/sam/boards/sam4s_ek2/init.o
                0x0040019c                board_init
 .text.pio_set_peripheral
                0x004002e0       0x90 src/ASF/sam/drivers/pio/pio.o
                0x004002e0                pio_set_peripheral
 .text.pio_set_input
                0x00400370       0x32 src/ASF/sam/drivers/pio/pio.o
                0x00400370                pio_set_input
 .text.pio_set_output
                0x004003a2       0x26 src/ASF/sam/drivers/pio/pio.o
                0x004003a2                pio_set_output
 .text.pio_get_interrupt_status
                0x004003c8        0x4 src/ASF/sam/drivers/pio/pio.o
                0x004003c8                pio_get_interrupt_status
 .text.pio_get_interrupt_mask
                0x004003cc        0x4 src/ASF/sam/drivers/pio/pio.o
                0x004003cc                pio_get_interrupt_mask
 .text.pio_set_pin_low
                0x004003d0       0x1a src/ASF/sam/drivers/pio/pio.o
                0x004003d0                pio_set_pin_low
 *fill*         0x004003ea        0x2 
 .text.pio_configure_pin
                0x004003ec      0x120 src/ASF/sam/drivers/pio/pio.o
                0x004003ec                pio_configure_pin
 .text.pio_configure_pin_group
                0x0040050c       0xd8 src/ASF/sam/drivers/pio/pio.o
                0x0040050c                pio_configure_pin_group
 .text.pio_handler_process
                0x004005e4       0x68 src/ASF/sam/drivers/pio/pio_handler.o
                0x004005e4                pio_handler_process
 .text.PIOA_Handler
                0x0040064c       0x14 src/ASF/sam/drivers/pio/pio_handler.o
                0x0040064c                PIOA_Handler
 .text.PIOB_Handler
                0x00400660       0x14 src/ASF/sam/drivers/pio/pio_handler.o
                0x00400660                PIOB_Handler
 .text.PIOC_Handler
                0x00400674       0x14 src/ASF/sam/drivers/pio/pio_handler.o
                0x00400674                PIOC_Handler
 .text.pmc_switch_mck_to_pllack
                0x00400688       0x64 src/ASF/sam/drivers/pmc/pmc.o
                0x00400688                pmc_switch_mck_to_pllack
 .text.pmc_switch_mainck_to_xtal
                0x004006ec       0x54 src/ASF/sam/drivers/pmc/pmc.o
                0x004006ec                pmc_switch_mainck_to_xtal
 .text.pmc_osc_is_ready_mainck
                0x00400740       0x10 src/ASF/sam/drivers/pmc/pmc.o
                0x00400740                pmc_osc_is_ready_mainck
 .text.pmc_disable_pllack
                0x00400750       0x10 src/ASF/sam/drivers/pmc/pmc.o
                0x00400750                pmc_disable_pllack
 .text.pmc_is_locked_pllack
                0x00400760       0x10 src/ASF/sam/drivers/pmc/pmc.o
                0x00400760                pmc_is_locked_pllack
 .text.pmc_enable_periph_clk
                0x00400770       0x54 src/ASF/sam/drivers/pmc/pmc.o
                0x00400770                pmc_enable_periph_clk
 .text.Dummy_Handler
                0x004007c4        0x2 src/ASF/sam/utils/cmsis/sam4s/source/templates/gcc/startup_sam4s.o
                0x004007c4                DACC_Handler
                0x004007c4                DebugMon_Handler
                0x004007c4                HardFault_Handler
                0x004007c4                TC2_Handler
                0x004007c4                SPI_Handler
                0x004007c4                SysTick_Handler
                0x004007c4                TWI1_Handler
                0x004007c4                PendSV_Handler
                0x004007c4                NMI_Handler
                0x004007c4                ADC_Handler
                0x004007c4                CRCCU_Handler
                0x004007c4                USART0_Handler
                0x004007c4                RTT_Handler
                0x004007c4                EFC1_Handler
                0x004007c4                RTC_Handler
                0x004007c4                UsageFault_Handler
                0x004007c4                WDT_Handler
                0x004007c4                TC4_Handler
                0x004007c4                TC1_Handler
                0x004007c4                HSMCI_Handler
                0x004007c4                UART1_Handler
                0x004007c4                TC3_Handler
                0x004007c4                Dummy_Handler
                0x004007c4                TWI0_Handler
                0x004007c4                USART1_Handler
                0x004007c4                SSC_Handler
                0x004007c4                EFC0_Handler
                0x004007c4                ACC_Handler
                0x004007c4                PMC_Handler
                0x004007c4                PWM_Handler
                0x004007c4                MemManage_Handler
                0x004007c4                SUPC_Handler
                0x004007c4                SVC_Handler
                0x004007c4                UART0_Handler
                0x004007c4                UDP_Handler
                0x004007c4                BusFault_Handler
                0x004007c4                RSTC_Handler
                0x004007c4                TC0_Handler
                0x004007c4                TC5_Handler
 *fill*         0x004007c6        0x2 
 .text.Reset_Handler
                0x004007c8       0xac src/ASF/sam/utils/cmsis/sam4s/source/templates/gcc/startup_sam4s.o
                0x004007c8                Reset_Handler
 .text.SystemCoreClockUpdate
                0x00400874      0x110 src/ASF/sam/utils/cmsis/sam4s/source/templates/system_sam4s.o
                0x00400874                SystemCoreClockUpdate
 .text.system_init_flash
                0x00400984       0x94 src/ASF/sam/utils/cmsis/sam4s/source/templates/system_sam4s.o
                0x00400984                system_init_flash
 .text.main     0x00400a18       0x7c src/main.o
                0x00400a18                main
 .text.__libc_init_array
                0x00400a94       0x50 c:/program files (x86)/atmel/studio/7.0/toolchain/arm/arm-gnu-toolchain/bin/../lib/gcc/arm-none-eabi/6.2.1/../../../../arm-none-eabi/lib/thumb/v7e-m\libc.a(lib_a-init.o)
                0x00400a94                __libc_init_array
 .text.startup.register_fini
                0x00400ae4       0x14 c:/program files (x86)/atmel/studio/7.0/toolchain/arm/arm-gnu-toolchain/bin/../lib/gcc/arm-none-eabi/6.2.1/../../../../arm-none-eabi/lib/thumb/v7e-m\libc.a(lib_a-__call_atexit.o)
 .text.atexit   0x00400af8        0xc c:/program files (x86)/atmel/studio/7.0/toolchain/arm/arm-gnu-toolchain/bin/../lib/gcc/arm-none-eabi/6.2.1/../../../../arm-none-eabi/lib/thumb/v7e-m\libc.a(lib_a-atexit.o)
                0x00400af8                atexit
 .text.__libc_fini_array
                0x00400b04       0x34 c:/program files (x86)/atmel/studio/7.0/toolchain/arm/arm-gnu-toolchain/bin/../lib/gcc/arm-none-eabi/6.2.1/../../../../arm-none-eabi/lib/thumb/v7e-m\libc.a(lib_a-fini.o)
                0x00400b04                __libc_fini_array
 .text.__register_exitproc
                0x00400b38       0xa4 c:/program files (x86)/atmel/studio/7.0/toolchain/arm/arm-gnu-toolchain/bin/../lib/gcc/arm-none-eabi/6.2.1/../../../../arm-none-eabi/lib/thumb/v7e-m\libc.a(lib_a-__atexit.o)
                0x00400b38                __register_exitproc
 *(.glue_7t)
 .glue_7t       0x00400bdc        0x0 linker stubs
 *(.glue_7)
 .glue_7        0x00400bdc        0x0 linker stubs
 *(.rodata .rodata* .gnu.linkonce.r.*)
 .rodata._global_impure_ptr
                0x00400bdc        0x4 c:/program files (x86)/atmel/studio/7.0/toolchain/arm/arm-gnu-toolchain/bin/../lib/gcc/arm-none-eabi/6.2.1/../../../../arm-none-eabi/lib/thumb/v7e-m\libc.a(lib_a-impure.o)
                0x00400bdc                _global_impure_ptr
 *(.ARM.extab* .gnu.linkonce.armextab.*)
                0x00400be0                . = ALIGN (0x4)
 *(.init)
 .init          0x00400be0        0x4 c:/program files (x86)/atmel/studio/7.0/toolchain/arm/arm-gnu-toolchain/bin/../lib/gcc/arm-none-eabi/6.2.1/thumb/v7e-m/crti.o
                0x00400be0                _init
 .init          0x00400be4        0x8 c:/program files (x86)/atmel/studio/7.0/toolchain/arm/arm-gnu-toolchain/bin/../lib/gcc/arm-none-eabi/6.2.1/thumb/v7e-m/crtn.o
                0x00400bec                . = ALIGN (0x4)
                0x00400bec                __preinit_array_start = .
 *(.preinit_array)
                0x00400bec                __preinit_array_end = .
                0x00400bec                . = ALIGN (0x4)
                0x00400bec                __init_array_start = .
 *(SORT(.init_array.*))
 .init_array.00000
                0x00400bec        0x4 c:/program files (x86)/atmel/studio/7.0/toolchain/arm/arm-gnu-toolchain/bin/../lib/gcc/arm-none-eabi/6.2.1/../../../../arm-none-eabi/lib/thumb/v7e-m\libc.a(lib_a-__call_atexit.o)
 *(.init_array)
 .init_array    0x00400bf0        0x4 c:/program files (x86)/atmel/studio/7.0/toolchain/arm/arm-gnu-toolchain/bin/../lib/gcc/arm-none-eabi/6.2.1/thumb/v7e-m/crtbegin.o
                0x00400bf4                __init_array_end = .
                0x00400bf4                . = ALIGN (0x4)
 *crtbegin.o(.ctors)
 *(EXCLUDE_FILE(*crtend.o) .ctors)
 *(SORT(.ctors.*))
 *crtend.o(.ctors)
                0x00400bf4                . = ALIGN (0x4)
 *(.fini)
 .fini          0x00400bf4        0x4 c:/program files (x86)/atmel/studio/7.0/toolchain/arm/arm-gnu-toolchain/bin/../lib/gcc/arm-none-eabi/6.2.1/thumb/v7e-m/crti.o
                0x00400bf4                _fini
 .fini          0x00400bf8        0x8 c:/program files (x86)/atmel/studio/7.0/toolchain/arm/arm-gnu-toolchain/bin/../lib/gcc/arm-none-eabi/6.2.1/thumb/v7e-m/crtn.o
                0x00400c00                . = ALIGN (0x4)
                0x00400c00                __fini_array_start = .
 *(.fini_array)
 .fini_array    0x00400c00        0x4 c:/program files (x86)/atmel/studio/7.0/toolchain/arm/arm-gnu-toolchain/bin/../lib/gcc/arm-none-eabi/6.2.1/thumb/v7e-m/crtbegin.o
 *(SORT(.fini_array.*))
                0x00400c04                __fini_array_end = .
 *crtbegin.o(.dtors)
 *(EXCLUDE_FILE(*crtend.o) .dtors)
 *(SORT(.dtors.*))
 *crtend.o(.dtors)
                0x00400c04                . = ALIGN (0x4)
                0x00400c04                _efixed = .
                [!provide]                PROVIDE (__exidx_start, .)

.vfp11_veneer   0x00400c04        0x0
 .vfp11_veneer  0x00400c04        0x0 linker stubs

.v4_bx          0x00400c04        0x0
 .v4_bx         0x00400c04        0x0 linker stubs

.iplt           0x00400c04        0x0
 .iplt          0x00400c04        0x0 c:/program files (x86)/atmel/studio/7.0/toolchain/arm/arm-gnu-toolchain/bin/../lib/gcc/arm-none-eabi/6.2.1/thumb/v7e-m/crtbegin.o

.eh_frame       0x00400c04        0x0
 .eh_frame      0x00400c04        0x0 c:/program files (x86)/atmel/studio/7.0/toolchain/arm/arm-gnu-toolchain/bin/../lib/gcc/arm-none-eabi/6.2.1/thumb/v7e-m/crtbegin.o

.rel.dyn        0x00400c04        0x0
 .rel.iplt      0x00400c04        0x0 c:/program files (x86)/atmel/studio/7.0/toolchain/arm/arm-gnu-toolchain/bin/../lib/gcc/arm-none-eabi/6.2.1/thumb/v7e-m/crtbegin.o

.jcr            0x00400c04        0x0
 .jcr           0x00400c04        0x0 c:/program files (x86)/atmel/studio/7.0/toolchain/arm/arm-gnu-toolchain/bin/../lib/gcc/arm-none-eabi/6.2.1/thumb/v7e-m/crtbegin.o

.igot.plt       0x00400c04        0x0
 .igot.plt      0x00400c04        0x0 c:/program files (x86)/atmel/studio/7.0/toolchain/arm/arm-gnu-toolchain/bin/../lib/gcc/arm-none-eabi/6.2.1/thumb/v7e-m/crtbegin.o

.ARM.exidx
 *(.ARM.exidx* .gnu.linkonce.armexidx.*)
                [!provide]                PROVIDE (__exidx_end, .)
                0x00400c04                . = ALIGN (0x4)
                0x00400c04                _etext = .

.relocate       0x20000000      0x438 load address 0x00400c04
                0x20000000                . = ALIGN (0x4)
                0x20000000                _srelocate = .
 *(.ramfunc .ramfunc.*)
 .ramfunc       0x20000000        0xa src/ASF/common/services/delay/sam/cycle_counter.o
                0x20000000                portable_delay_cycles
 *(.data .data.*)
 *fill*         0x2000000a        0x2 
 .data.SystemCoreClock
                0x2000000c        0x4 src/ASF/sam/utils/cmsis/sam4s/source/templates/system_sam4s.o
                0x2000000c                SystemCoreClock
 .data.impure_data
                0x20000010      0x428 c:/program files (x86)/atmel/studio/7.0/toolchain/arm/arm-gnu-toolchain/bin/../lib/gcc/arm-none-eabi/6.2.1/../../../../arm-none-eabi/lib/thumb/v7e-m\libc.a(lib_a-impure.o)
                0x20000438                . = ALIGN (0x4)
                0x20000438                _erelocate = .

.bss            0x20000438       0x94 load address 0x0040103c
                0x20000438                . = ALIGN (0x4)
                0x20000438                _sbss = .
                0x20000438                _szero = .
 *(.bss .bss.*)
 .bss           0x20000438       0x1c c:/program files (x86)/atmel/studio/7.0/toolchain/arm/arm-gnu-toolchain/bin/../lib/gcc/arm-none-eabi/6.2.1/thumb/v7e-m/crtbegin.o
 .bss.gs_interrupt_sources
                0x20000454       0x70 src/ASF/sam/drivers/pio/pio_handler.o
 .bss.pio_capture_handler
                0x200004c4        0x4 src/ASF/sam/drivers/pio/pio_handler.o
 *(COMMON)
 COMMON         0x200004c8        0x4 src/ASF/sam/drivers/pio/pio.o
                0x200004c8                pio_capture_enable_flag
                0x200004cc                . = ALIGN (0x4)
                0x200004cc                _ebss = .
                0x200004cc                _ezero = .

.stack          0x200004cc     0x3004 load address 0x004010d0
                0x200004d0                . = ALIGN (0x8)
 *fill*         0x200004cc        0x4 
                0x200004d0                _sstack = .
                0x200034d0                . = (. + __stack_size__)
 *fill*         0x200004d0     0x3000 
                0x200034d0                . = ALIGN (0x8)
                0x200034d0                _estack = .
                0x200034d0                . = ALIGN (0x4)
                0x200034d0                _end = .
OUTPUT(pioled1.elf elf32-littlearm)

.ARM.attributes
                0x00000000       0x2a
 .ARM.attributes
                0x00000000       0x1e c:/program files (x86)/atmel/studio/7.0/toolchain/arm/arm-gnu-toolchain/bin/../lib/gcc/arm-none-eabi/6.2.1/thumb/v7e-m/crti.o
 .ARM.attributes
                0x0000001e       0x2e c:/program files (x86)/atmel/studio/7.0/toolchain/arm/arm-gnu-toolchain/bin/../lib/gcc/arm-none-eabi/6.2.1/thumb/v7e-m/crtbegin.o
 .ARM.attributes
                0x0000004c       0x33 src/ASF/common/services/delay/sam/cycle_counter.o
 .ARM.attributes
                0x0000007f       0x33 src/ASF/common/services/clock/sam4s/sysclk.o
 .ARM.attributes
                0x000000b2       0x33 src/ASF/sam/boards/sam4s_ek2/init.o
 .ARM.attributes
                0x000000e5       0x33 src/ASF/sam/drivers/pio/pio.o
 .ARM.attributes
                0x00000118       0x33 src/ASF/sam/drivers/pio/pio_handler.o
 .ARM.attributes
                0x0000014b       0x33 src/ASF/sam/drivers/pmc/pmc.o
 .ARM.attributes
                0x0000017e       0x33 src/ASF/sam/utils/cmsis/sam4s/source/templates/gcc/startup_sam4s.o
 .ARM.attributes
                0x000001b1       0x33 src/ASF/sam/utils/cmsis/sam4s/source/templates/system_sam4s.o
 .ARM.attributes
                0x000001e4       0x33 src/main.o
 .ARM.attributes
                0x00000217       0x2e c:/program files (x86)/atmel/studio/7.0/toolchain/arm/arm-gnu-toolchain/bin/../lib/gcc/arm-none-eabi/6.2.1/../../../../arm-none-eabi/lib/thumb/v7e-m\libc.a(lib_a-impure.o)
 .ARM.attributes
                0x00000245       0x2e c:/program files (x86)/atmel/studio/7.0/toolchain/arm/arm-gnu-toolchain/bin/../lib/gcc/arm-none-eabi/6.2.1/../../../../arm-none-eabi/lib/thumb/v7e-m\libc.a(lib_a-init.o)
 .ARM.attributes
                0x00000273       0x2e c:/program files (x86)/atmel/studio/7.0/toolchain/arm/arm-gnu-toolchain/bin/../lib/gcc/arm-none-eabi/6.2.1/../../../../arm-none-eabi/lib/thumb/v7e-m\libc.a(lib_a-__call_atexit.o)
 .ARM.attributes
                0x000002a1       0x2e c:/program files (x86)/atmel/studio/7.0/toolchain/arm/arm-gnu-toolchain/bin/../lib/gcc/arm-none-eabi/6.2.1/../../../../arm-none-eabi/lib/thumb/v7e-m\libc.a(lib_a-atexit.o)
 .ARM.attributes
                0x000002cf       0x2e c:/program files (x86)/atmel/studio/7.0/toolchain/arm/arm-gnu-toolchain/bin/../lib/gcc/arm-none-eabi/6.2.1/../../../../arm-none-eabi/lib/thumb/v7e-m\libc.a(lib_a-fini.o)
 .ARM.attributes
                0x000002fd       0x2e c:/program files (x86)/atmel/studio/7.0/toolchain/arm/arm-gnu-toolchain/bin/../lib/gcc/arm-none-eabi/6.2.1/../../../../arm-none-eabi/lib/thumb/v7e-m\libc.a(lib_a-__atexit.o)
 .ARM.attributes
                0x0000032b       0x1e c:/program files (x86)/atmel/studio/7.0/toolchain/arm/arm-gnu-toolchain/bin/../lib/gcc/arm-none-eabi/6.2.1/thumb/v7e-m/crtn.o

.comment        0x00000000       0x59
 .comment       0x00000000       0x59 src/ASF/common/services/delay/sam/cycle_counter.o
                                 0x5a (size before relaxing)
 .comment       0x00000059       0x5a src/ASF/common/services/clock/sam4s/sysclk.o
 .comment       0x00000059       0x5a src/ASF/sam/boards/sam4s_ek2/init.o
 .comment       0x00000059       0x5a src/ASF/sam/drivers/pio/pio.o
 .comment       0x00000059       0x5a src/ASF/sam/drivers/pio/pio_handler.o
 .comment       0x00000059       0x5a src/ASF/sam/drivers/pmc/pmc.o
 .comment       0x00000059       0x5a src/ASF/sam/utils/cmsis/sam4s/source/templates/gcc/startup_sam4s.o
 .comment       0x00000059       0x5a src/ASF/sam/utils/cmsis/sam4s/source/templates/system_sam4s.o
 .comment       0x00000059       0x5a src/main.o

.debug_info     0x00000000     0x9fd4
 .debug_info    0x00000000      0xa39 src/ASF/common/services/delay/sam/cycle_counter.o
 .debug_info    0x00000a39     0x10ee src/ASF/common/services/clock/sam4s/sysclk.o
 .debug_info    0x00001b27     0x1466 src/ASF/sam/boards/sam4s_ek2/init.o
 .debug_info    0x00002f8d     0x2211 src/ASF/sam/drivers/pio/pio.o
 .debug_info    0x0000519e     0x18d6 src/ASF/sam/drivers/pio/pio_handler.o
 .debug_info    0x00006a74     0x1a11 src/ASF/sam/drivers/pmc/pmc.o
 .debug_info    0x00008485      0x6eb src/ASF/sam/utils/cmsis/sam4s/source/templates/gcc/startup_sam4s.o
 .debug_info    0x00008b70      0x458 src/ASF/sam/utils/cmsis/sam4s/source/templates/system_sam4s.o
 .debug_info    0x00008fc8     0x100c src/main.o

.debug_abbrev   0x00000000     0x1680
 .debug_abbrev  0x00000000      0x1b3 src/ASF/common/services/delay/sam/cycle_counter.o
 .debug_abbrev  0x000001b3      0x311 src/ASF/common/services/clock/sam4s/sysclk.o
 .debug_abbrev  0x000004c4      0x26f src/ASF/sam/boards/sam4s_ek2/init.o
 .debug_abbrev  0x00000733      0x3ff src/ASF/sam/drivers/pio/pio.o
 .debug_abbrev  0x00000b32      0x368 src/ASF/sam/drivers/pio/pio_handler.o
 .debug_abbrev  0x00000e9a      0x315 src/ASF/sam/drivers/pmc/pmc.o
 .debug_abbrev  0x000011af      0x17c src/ASF/sam/utils/cmsis/sam4s/source/templates/gcc/startup_sam4s.o
 .debug_abbrev  0x0000132b      0x102 src/ASF/sam/utils/cmsis/sam4s/source/templates/system_sam4s.o
 .debug_abbrev  0x0000142d      0x253 src/main.o

.debug_aranges  0x00000000      0x4f0
 .debug_aranges
                0x00000000       0x20 src/ASF/common/services/delay/sam/cycle_counter.o
 .debug_aranges
                0x00000020       0x30 src/ASF/common/services/clock/sam4s/sysclk.o
 .debug_aranges
                0x00000050       0x20 src/ASF/sam/boards/sam4s_ek2/init.o
 .debug_aranges
                0x00000070      0x1a8 src/ASF/sam/drivers/pio/pio.o
 .debug_aranges
                0x00000218       0x58 src/ASF/sam/drivers/pio/pio_handler.o
 .debug_aranges
                0x00000270      0x208 src/ASF/sam/drivers/pmc/pmc.o
 .debug_aranges
                0x00000478       0x28 src/ASF/sam/utils/cmsis/sam4s/source/templates/gcc/startup_sam4s.o
 .debug_aranges
                0x000004a0       0x30 src/ASF/sam/utils/cmsis/sam4s/source/templates/system_sam4s.o
 .debug_aranges
                0x000004d0       0x20 src/main.o

.debug_ranges   0x00000000      0x490
 .debug_ranges  0x00000000       0x10 src/ASF/common/services/delay/sam/cycle_counter.o
 .debug_ranges  0x00000010       0x20 src/ASF/common/services/clock/sam4s/sysclk.o
 .debug_ranges  0x00000030       0x10 src/ASF/sam/boards/sam4s_ek2/init.o
 .debug_ranges  0x00000040      0x1b0 src/ASF/sam/drivers/pio/pio.o
 .debug_ranges  0x000001f0       0x60 src/ASF/sam/drivers/pio/pio_handler.o
 .debug_ranges  0x00000250      0x1f8 src/ASF/sam/drivers/pmc/pmc.o
 .debug_ranges  0x00000448       0x18 src/ASF/sam/utils/cmsis/sam4s/source/templates/gcc/startup_sam4s.o
 .debug_ranges  0x00000460       0x20 src/ASF/sam/utils/cmsis/sam4s/source/templates/system_sam4s.o
 .debug_ranges  0x00000480       0x10 src/main.o

.debug_macro    0x00000000    0x12036
 .debug_macro   0x00000000      0x533 src/ASF/common/services/delay/sam/cycle_counter.o
 .debug_macro   0x00000533      0x8c8 src/ASF/common/services/delay/sam/cycle_counter.o
 .debug_macro   0x00000dfb      0x16d src/ASF/common/services/delay/sam/cycle_counter.o
 .debug_macro   0x00000f68      0x64b src/ASF/common/services/delay/sam/cycle_counter.o
 .debug_macro   0x000015b3       0x76 src/ASF/common/services/delay/sam/cycle_counter.o
 .debug_macro   0x00001629       0x16 src/ASF/common/services/delay/sam/cycle_counter.o
 .debug_macro   0x0000163f      0x6e4 src/ASF/common/services/delay/sam/cycle_counter.o
 .debug_macro   0x00001d23       0x22 src/ASF/common/services/delay/sam/cycle_counter.o
 .debug_macro   0x00001d45       0x87 src/ASF/common/services/delay/sam/cycle_counter.o
 .debug_macro   0x00001dcc       0x51 src/ASF/common/services/delay/sam/cycle_counter.o
 .debug_macro   0x00001e1d       0xef src/ASF/common/services/delay/sam/cycle_counter.o
 .debug_macro   0x00001f0c       0x6a src/ASF/common/services/delay/sam/cycle_counter.o
 .debug_macro   0x00001f76      0x1df src/ASF/common/services/delay/sam/cycle_counter.o
 .debug_macro   0x00002155       0x27 src/ASF/common/services/delay/sam/cycle_counter.o
 .debug_macro   0x0000217c       0x3b src/ASF/common/services/delay/sam/cycle_counter.o
 .debug_macro   0x000021b7       0x2d src/ASF/common/services/delay/sam/cycle_counter.o
 .debug_macro   0x000021e4       0x26 src/ASF/common/services/delay/sam/cycle_counter.o
 .debug_macro   0x0000220a      0xbbf src/ASF/common/services/delay/sam/cycle_counter.o
 .debug_macro   0x00002dc9      0x159 src/ASF/common/services/delay/sam/cycle_counter.o
 .debug_macro   0x00002f22      0xaaf src/ASF/common/services/delay/sam/cycle_counter.o
 .debug_macro   0x000039d1      0x1b9 src/ASF/common/services/delay/sam/cycle_counter.o
 .debug_macro   0x00003b8a      0x11e src/ASF/common/services/delay/sam/cycle_counter.o
 .debug_macro   0x00003ca8       0xac src/ASF/common/services/delay/sam/cycle_counter.o
 .debug_macro   0x00003d54      0x401 src/ASF/common/services/delay/sam/cycle_counter.o
 .debug_macro   0x00004155      0x106 src/ASF/common/services/delay/sam/cycle_counter.o
 .debug_macro   0x0000425b       0x1c src/ASF/common/services/delay/sam/cycle_counter.o
 .debug_macro   0x00004277      0x738 src/ASF/common/services/delay/sam/cycle_counter.o
 .debug_macro   0x000049af      0x2d2 src/ASF/common/services/delay/sam/cycle_counter.o
 .debug_macro   0x00004c81       0xbe src/ASF/common/services/delay/sam/cycle_counter.o
 .debug_macro   0x00004d3f     0x280b src/ASF/common/services/delay/sam/cycle_counter.o
 .debug_macro   0x0000754a      0x777 src/ASF/common/services/delay/sam/cycle_counter.o
 .debug_macro   0x00007cc1      0xa8e src/ASF/common/services/delay/sam/cycle_counter.o
 .debug_macro   0x0000874f       0x9a src/ASF/common/services/delay/sam/cycle_counter.o
 .debug_macro   0x000087e9      0x3d8 src/ASF/common/services/delay/sam/cycle_counter.o
 .debug_macro   0x00008bc1       0x64 src/ASF/common/services/delay/sam/cycle_counter.o
 .debug_macro   0x00008c25      0x1ae src/ASF/common/services/delay/sam/cycle_counter.o
 .debug_macro   0x00008dd3      0x386 src/ASF/common/services/delay/sam/cycle_counter.o
 .debug_macro   0x00009159      0x624 src/ASF/common/services/delay/sam/cycle_counter.o
 .debug_macro   0x0000977d      0x690 src/ASF/common/services/delay/sam/cycle_counter.o
 .debug_macro   0x00009e0d      0x59f src/ASF/common/services/delay/sam/cycle_counter.o
 .debug_macro   0x0000a3ac      0x34d src/ASF/common/services/delay/sam/cycle_counter.o
 .debug_macro   0x0000a6f9      0x28c src/ASF/common/services/delay/sam/cycle_counter.o
 .debug_macro   0x0000a985      0x2d6 src/ASF/common/services/delay/sam/cycle_counter.o
 .debug_macro   0x0000ac5b      0x6d9 src/ASF/common/services/delay/sam/cycle_counter.o
 .debug_macro   0x0000b334       0x76 src/ASF/common/services/delay/sam/cycle_counter.o
 .debug_macro   0x0000b3aa       0xb8 src/ASF/common/services/delay/sam/cycle_counter.o
 .debug_macro   0x0000b462       0xb2 src/ASF/common/services/delay/sam/cycle_counter.o
 .debug_macro   0x0000b514       0x88 src/ASF/common/services/delay/sam/cycle_counter.o
 .debug_macro   0x0000b59c      0x105 src/ASF/common/services/delay/sam/cycle_counter.o
 .debug_macro   0x0000b6a1      0x105 src/ASF/common/services/delay/sam/cycle_counter.o
 .debug_macro   0x0000b7a6       0x88 src/ASF/common/services/delay/sam/cycle_counter.o
 .debug_macro   0x0000b82e       0x88 src/ASF/common/services/delay/sam/cycle_counter.o
 .debug_macro   0x0000b8b6      0x2cd src/ASF/common/services/delay/sam/cycle_counter.o
 .debug_macro   0x0000bb83       0xb2 src/ASF/common/services/delay/sam/cycle_counter.o
 .debug_macro   0x0000bc35       0xb2 src/ASF/common/services/delay/sam/cycle_counter.o
 .debug_macro   0x0000bce7       0x52 src/ASF/common/services/delay/sam/cycle_counter.o
 .debug_macro   0x0000bd39       0xac src/ASF/common/services/delay/sam/cycle_counter.o
 .debug_macro   0x0000bde5       0x7c src/ASF/common/services/delay/sam/cycle_counter.o
 .debug_macro   0x0000be61       0x40 src/ASF/common/services/delay/sam/cycle_counter.o
 .debug_macro   0x0000bea1       0x64 src/ASF/common/services/delay/sam/cycle_counter.o
 .debug_macro   0x0000bf05       0x46 src/ASF/common/services/delay/sam/cycle_counter.o
 .debug_macro   0x0000bf4b       0x88 src/ASF/common/services/delay/sam/cycle_counter.o
 .debug_macro   0x0000bfd3       0x4c src/ASF/common/services/delay/sam/cycle_counter.o
 .debug_macro   0x0000c01f       0xa6 src/ASF/common/services/delay/sam/cycle_counter.o
 .debug_macro   0x0000c0c5       0x7c src/ASF/common/services/delay/sam/cycle_counter.o
 .debug_macro   0x0000c141       0x16 src/ASF/common/services/delay/sam/cycle_counter.o
 .debug_macro   0x0000c157       0x7c src/ASF/common/services/delay/sam/cycle_counter.o
 .debug_macro   0x0000c1d3       0x22 src/ASF/common/services/delay/sam/cycle_counter.o
 .debug_macro   0x0000c1f5       0x22 src/ASF/common/services/delay/sam/cycle_counter.o
 .debug_macro   0x0000c217      0x195 src/ASF/common/services/delay/sam/cycle_counter.o
 .debug_macro   0x0000c3ac      0x165 src/ASF/common/services/delay/sam/cycle_counter.o
 .debug_macro   0x0000c511      0x165 src/ASF/common/services/delay/sam/cycle_counter.o
 .debug_macro   0x0000c676       0x1c src/ASF/common/services/delay/sam/cycle_counter.o
 .debug_macro   0x0000c692       0x2e src/ASF/common/services/delay/sam/cycle_counter.o
 .debug_macro   0x0000c6c0       0x22 src/ASF/common/services/delay/sam/cycle_counter.o
 .debug_macro   0x0000c6e2       0x1c src/ASF/common/services/delay/sam/cycle_counter.o
 .debug_macro   0x0000c6fe       0x52 src/ASF/common/services/delay/sam/cycle_counter.o
 .debug_macro   0x0000c750       0x10 src/ASF/common/services/delay/sam/cycle_counter.o
 .debug_macro   0x0000c760      0x234 src/ASF/common/services/delay/sam/cycle_counter.o
 .debug_macro   0x0000c994      0x938 src/ASF/common/services/delay/sam/cycle_counter.o
 .debug_macro   0x0000d2cc      0x12a src/ASF/common/services/delay/sam/cycle_counter.o
 .debug_macro   0x0000d3f6       0x52 src/ASF/common/services/delay/sam/cycle_counter.o
 .debug_macro   0x0000d448       0x35 src/ASF/common/services/delay/sam/cycle_counter.o
 .debug_macro   0x0000d47d       0x9c src/ASF/common/services/delay/sam/cycle_counter.o
 .debug_macro   0x0000d519       0x16 src/ASF/common/services/delay/sam/cycle_counter.o
 .debug_macro   0x0000d52f       0x35 src/ASF/common/services/delay/sam/cycle_counter.o
 .debug_macro   0x0000d564      0x330 src/ASF/common/services/delay/sam/cycle_counter.o
 .debug_macro   0x0000d894       0x10 src/ASF/common/services/delay/sam/cycle_counter.o
 .debug_macro   0x0000d8a4       0x52 src/ASF/common/services/delay/sam/cycle_counter.o
 .debug_macro   0x0000d8f6       0x1f src/ASF/common/services/delay/sam/cycle_counter.o
 .debug_macro   0x0000d915       0x43 src/ASF/common/services/delay/sam/cycle_counter.o
 .debug_macro   0x0000d958       0x20 src/ASF/common/services/delay/sam/cycle_counter.o
 .debug_macro   0x0000d978      0x187 src/ASF/common/services/delay/sam/cycle_counter.o
 .debug_macro   0x0000daff       0x10 src/ASF/common/services/delay/sam/cycle_counter.o
 .debug_macro   0x0000db0f       0x1c src/ASF/common/services/delay/sam/cycle_counter.o
 .debug_macro   0x0000db2b       0x52 src/ASF/common/services/delay/sam/cycle_counter.o
 .debug_macro   0x0000db7d       0x40 src/ASF/common/services/delay/sam/cycle_counter.o
 .debug_macro   0x0000dbbd       0x10 src/ASF/common/services/delay/sam/cycle_counter.o
 .debug_macro   0x0000dbcd       0x40 src/ASF/common/services/delay/sam/cycle_counter.o
 .debug_macro   0x0000dc0d       0xd7 src/ASF/common/services/delay/sam/cycle_counter.o
 .debug_macro   0x0000dce4       0x16 src/ASF/common/services/delay/sam/cycle_counter.o
 .debug_macro   0x0000dcfa      0x18b src/ASF/common/services/delay/sam/cycle_counter.o
 .debug_macro   0x0000de85       0x22 src/ASF/common/services/delay/sam/cycle_counter.o
 .debug_macro   0x0000dea7       0x16 src/ASF/common/services/delay/sam/cycle_counter.o
 .debug_macro   0x0000debd       0x16 src/ASF/common/services/delay/sam/cycle_counter.o
 .debug_macro   0x0000ded3       0x29 src/ASF/common/services/delay/sam/cycle_counter.o
 .debug_macro   0x0000defc       0x75 src/ASF/common/services/delay/sam/cycle_counter.o
 .debug_macro   0x0000df71       0x3f src/ASF/common/services/delay/sam/cycle_counter.o
 .debug_macro   0x0000dfb0      0x3ca src/ASF/common/services/delay/sam/cycle_counter.o
 .debug_macro   0x0000e37a       0x22 src/ASF/common/services/delay/sam/cycle_counter.o
 .debug_macro   0x0000e39c      0x59e src/ASF/common/services/clock/sam4s/sysclk.o
 .debug_macro   0x0000e93a       0x28 src/ASF/common/services/clock/sam4s/sysclk.o
 .debug_macro   0x0000e962      0x2c0 src/ASF/common/services/clock/sam4s/sysclk.o
 .debug_macro   0x0000ec22      0xa49 src/ASF/common/services/clock/sam4s/sysclk.o
 .debug_macro   0x0000f66b       0x58 src/ASF/common/services/clock/sam4s/sysclk.o
 .debug_macro   0x0000f6c3       0x64 src/ASF/common/services/clock/sam4s/sysclk.o
 .debug_macro   0x0000f727       0x46 src/ASF/common/services/clock/sam4s/sysclk.o
 .debug_macro   0x0000f76d       0x90 src/ASF/common/services/clock/sam4s/sysclk.o
 .debug_macro   0x0000f7fd      0x5de src/ASF/sam/boards/sam4s_ek2/init.o
 .debug_macro   0x0000fddb      0x2c6 src/ASF/sam/boards/sam4s_ek2/init.o
 .debug_macro   0x000100a1       0x46 src/ASF/sam/boards/sam4s_ek2/init.o
 .debug_macro   0x000100e7       0x94 src/ASF/sam/boards/sam4s_ek2/init.o
 .debug_macro   0x0001017b       0x40 src/ASF/sam/boards/sam4s_ek2/init.o
 .debug_macro   0x000101bb       0x82 src/ASF/sam/boards/sam4s_ek2/init.o
 .debug_macro   0x0001023d      0x539 src/ASF/sam/drivers/pio/pio.o
 .debug_macro   0x00010776       0x8e src/ASF/sam/drivers/pio/pio.o
 .debug_macro   0x00010804      0x543 src/ASF/sam/drivers/pio/pio_handler.o
 .debug_macro   0x00010d47      0x539 src/ASF/sam/drivers/pmc/pmc.o
 .debug_macro   0x00011280       0x52 src/ASF/sam/drivers/pmc/pmc.o
 .debug_macro   0x000112d2      0x325 src/ASF/sam/utils/cmsis/sam4s/source/templates/gcc/startup_sam4s.o
 .debug_macro   0x000115f7      0x32d src/ASF/sam/utils/cmsis/sam4s/source/templates/system_sam4s.o
 .debug_macro   0x00011924      0x62f src/main.o
 .debug_macro   0x00011f53       0x28 src/main.o
 .debug_macro   0x00011f7b       0x23 src/main.o
 .debug_macro   0x00011f9e       0x88 src/main.o
 .debug_macro   0x00012026       0x10 src/main.o

.debug_line     0x00000000     0x6cf6
 .debug_line    0x00000000      0xab6 src/ASF/common/services/delay/sam/cycle_counter.o
 .debug_line    0x00000ab6      0xbe6 src/ASF/common/services/clock/sam4s/sysclk.o
 .debug_line    0x0000169c      0xcbf src/ASF/sam/boards/sam4s_ek2/init.o
 .debug_line    0x0000235b      0xf5f src/ASF/sam/drivers/pio/pio.o
 .debug_line    0x000032ba      0xb7a src/ASF/sam/drivers/pio/pio_handler.o
 .debug_line    0x00003e34     0x1042 src/ASF/sam/drivers/pmc/pmc.o
 .debug_line    0x00004e76      0x88b src/ASF/sam/utils/cmsis/sam4s/source/templates/gcc/startup_sam4s.o
 .debug_line    0x00005701      0x8bd src/ASF/sam/utils/cmsis/sam4s/source/templates/system_sam4s.o
 .debug_line    0x00005fbe      0xd38 src/main.o

.debug_str      0x00000000    0x5167a
 .debug_str     0x00000000    0x4a497 src/ASF/common/services/delay/sam/cycle_counter.o
                              0x4a848 (size before relaxing)
 .debug_str     0x0004a497     0x4df2 src/ASF/common/services/clock/sam4s/sysclk.o
                              0x4f4c1 (size before relaxing)
 .debug_str     0x0004f289      0xcae src/ASF/sam/boards/sam4s_ek2/init.o
                              0x4fe1e (size before relaxing)
 .debug_str     0x0004ff37      0x598 src/ASF/sam/drivers/pio/pio.o
                              0x4b2e8 (size before relaxing)
 .debug_str     0x000504cf      0x40b src/ASF/sam/drivers/pio/pio_handler.o
                              0x4b214 (size before relaxing)
 .debug_str     0x000508da      0x63c src/ASF/sam/drivers/pmc/pmc.o
                              0x4b146 (size before relaxing)
 .debug_str     0x00050f16      0x435 src/ASF/sam/utils/cmsis/sam4s/source/templates/gcc/startup_sam4s.o
                              0x3b3d4 (size before relaxing)
 .debug_str     0x0005134b       0xb9 src/ASF/sam/utils/cmsis/sam4s/source/templates/system_sam4s.o
                              0x3b166 (size before relaxing)
 .debug_str     0x00051404      0x276 src/main.o
                              0x500e9 (size before relaxing)

.debug_frame    0x00000000      0xac8
 .debug_frame   0x00000000       0x20 src/ASF/common/services/delay/sam/cycle_counter.o
 .debug_frame   0x00000020       0x58 src/ASF/common/services/clock/sam4s/sysclk.o
 .debug_frame   0x00000078       0x2c src/ASF/sam/boards/sam4s_ek2/init.o
 .debug_frame   0x000000a4      0x384 src/ASF/sam/drivers/pio/pio.o
 .debug_frame   0x00000428       0xf4 src/ASF/sam/drivers/pio/pio_handler.o
 .debug_frame   0x0000051c      0x408 src/ASF/sam/drivers/pmc/pmc.o
 .debug_frame   0x00000924       0x38 src/ASF/sam/utils/cmsis/sam4s/source/templates/gcc/startup_sam4s.o
 .debug_frame   0x0000095c       0x40 src/ASF/sam/utils/cmsis/sam4s/source/templates/system_sam4s.o
 .debug_frame   0x0000099c       0x28 src/main.o
 .debug_frame   0x000009c4       0x2c c:/program files (x86)/atmel/studio/7.0/toolchain/arm/arm-gnu-toolchain/bin/../lib/gcc/arm-none-eabi/6.2.1/../../../../arm-none-eabi/lib/thumb/v7e-m\libc.a(lib_a-init.o)
 .debug_frame   0x000009f0       0x50 c:/program files (x86)/atmel/studio/7.0/toolchain/arm/arm-gnu-toolchain/bin/../lib/gcc/arm-none-eabi/6.2.1/../../../../arm-none-eabi/lib/thumb/v7e-m\libc.a(lib_a-__call_atexit.o)
 .debug_frame   0x00000a40       0x20 c:/program files (x86)/atmel/studio/7.0/toolchain/arm/arm-gnu-toolchain/bin/../lib/gcc/arm-none-eabi/6.2.1/../../../../arm-none-eabi/lib/thumb/v7e-m\libc.a(lib_a-atexit.o)
 .debug_frame   0x00000a60       0x34 c:/program files (x86)/atmel/studio/7.0/toolchain/arm/arm-gnu-toolchain/bin/../lib/gcc/arm-none-eabi/6.2.1/../../../../arm-none-eabi/lib/thumb/v7e-m\libc.a(lib_a-fini.o)
 .debug_frame   0x00000a94       0x34 c:/program files (x86)/atmel/studio/7.0/toolchain/arm/arm-gnu-toolchain/bin/../lib/gcc/arm-none-eabi/6.2.1/../../../../arm-none-eabi/lib/thumb/v7e-m\libc.a(lib_a-__atexit.o)

.debug_loc      0x00000000     0x2129
 .debug_loc     0x00000000      0x143 src/ASF/common/services/clock/sam4s/sysclk.o
 .debug_loc     0x00000143       0x5c src/ASF/sam/boards/sam4s_ek2/init.o
 .debug_loc     0x0000019f      0xdef src/ASF/sam/drivers/pio/pio.o
 .debug_loc     0x00000f8e      0x549 src/ASF/sam/drivers/pio/pio_handler.o
 .debug_loc     0x000014d7      0xb91 src/ASF/sam/drivers/pmc/pmc.o
 .debug_loc     0x00002068       0xa1 src/ASF/sam/utils/cmsis/sam4s/source/templates/gcc/startup_sam4s.o
 .debug_loc     0x00002109       0x20 src/main.o

Cross Reference Table

Symbol                                            File
ACC_Handler                                       src/ASF/sam/utils/cmsis/sam4s/source/templates/gcc/startup_sam4s.o
ADC_Handler                                       src/ASF/sam/utils/cmsis/sam4s/source/templates/gcc/startup_sam4s.o
BusFault_Handler                                  src/ASF/sam/utils/cmsis/sam4s/source/templates/gcc/startup_sam4s.o
CRCCU_Handler                                     src/ASF/sam/utils/cmsis/sam4s/source/templates/gcc/startup_sam4s.o
DACC_Handler                                      src/ASF/sam/utils/cmsis/sam4s/source/templates/gcc/startup_sam4s.o
DebugMon_Handler                                  src/ASF/sam/utils/cmsis/sam4s/source/templates/gcc/startup_sam4s.o
Dummy_Handler                                     src/ASF/sam/utils/cmsis/sam4s/source/templates/gcc/startup_sam4s.o
EFC0_Handler                                      src/ASF/sam/utils/cmsis/sam4s/source/templates/gcc/startup_sam4s.o
EFC1_Handler                                      src/ASF/sam/utils/cmsis/sam4s/source/templates/gcc/startup_sam4s.o
HSMCI_Handler                                     src/ASF/sam/utils/cmsis/sam4s/source/templates/gcc/startup_sam4s.o
HardFault_Handler                                 src/ASF/sam/utils/cmsis/sam4s/source/templates/gcc/startup_sam4s.o
LED_Off                                           src/ASF/sam/boards/sam4s_ek2/led.o
LED_On                                            src/ASF/sam/boards/sam4s_ek2/led.o
MemManage_Handler                                 src/ASF/sam/utils/cmsis/sam4s/source/templates/gcc/startup_sam4s.o
NMI_Handler                                       src/ASF/sam/utils/cmsis/sam4s/source/templates/gcc/startup_sam4s.o
PIOA_Handler                                      src/ASF/sam/drivers/pio/pio_handler.o
PIOB_Handler                                      src/ASF/sam/drivers/pio/pio_handler.o
PIOC_Handler                                      src/ASF/sam/drivers/pio/pio_handler.o
PMC_Handler                                       src/ASF/sam/utils/cmsis/sam4s/source/templates/gcc/startup_sam4s.o
PWM_Handler                                       src/ASF/sam/utils/cmsis/sam4s/source/templates/gcc/startup_sam4s.o
PendSV_Handler                                    src/ASF/sam/utils/cmsis/sam4s/source/templates/gcc/startup_sam4s.o
RSTC_Handler                                      src/ASF/sam/utils/cmsis/sam4s/source/templates/gcc/startup_sam4s.o
RTC_Handler                                       src/ASF/sam/utils/cmsis/sam4s/source/templates/gcc/startup_sam4s.o
RTT_Handler                                       src/ASF/sam/utils/cmsis/sam4s/source/templates/gcc/startup_sam4s.o
Reset_Handler                                     src/ASF/sam/utils/cmsis/sam4s/source/templates/gcc/startup_sam4s.o
SPI_Handler                                       src/ASF/sam/utils/cmsis/sam4s/source/templates/gcc/startup_sam4s.o
SSC_Handler                                       src/ASF/sam/utils/cmsis/sam4s/source/templates/gcc/startup_sam4s.o
SUPC_Handler                                      src/ASF/sam/utils/cmsis/sam4s/source/templates/gcc/startup_sam4s.o
SVC_Handler                                       src/ASF/sam/utils/cmsis/sam4s/source/templates/gcc/startup_sam4s.o
SysTick_Handler                                   src/ASF/sam/utils/cmsis/sam4s/source/templates/gcc/startup_sam4s.o
SystemCoreClock                                   src/ASF/sam/utils/cmsis/sam4s/source/templates/system_sam4s.o
SystemCoreClockUpdate                             src/ASF/sam/utils/cmsis/sam4s/source/templates/system_sam4s.o
                                                  src/ASF/common/services/clock/sam4s/sysclk.o
SystemInit                                        src/ASF/sam/utils/cmsis/sam4s/source/templates/system_sam4s.o
TC0_Handler                                       src/ASF/sam/utils/cmsis/sam4s/source/templates/gcc/startup_sam4s.o
TC1_Handler                                       src/ASF/sam/utils/cmsis/sam4s/source/templates/gcc/startup_sam4s.o
TC2_Handler                                       src/ASF/sam/utils/cmsis/sam4s/source/templates/gcc/startup_sam4s.o
TC3_Handler                                       src/ASF/sam/utils/cmsis/sam4s/source/templates/gcc/startup_sam4s.o
TC4_Handler                                       src/ASF/sam/utils/cmsis/sam4s/source/templates/gcc/startup_sam4s.o
TC5_Handler                                       src/ASF/sam/utils/cmsis/sam4s/source/templates/gcc/startup_sam4s.o
TWI0_Handler                                      src/ASF/sam/utils/cmsis/sam4s/source/templates/gcc/startup_sam4s.o
TWI1_Handler                                      src/ASF/sam/utils/cmsis/sam4s/source/templates/gcc/startup_sam4s.o
UART0_Handler                                     src/ASF/sam/utils/cmsis/sam4s/source/templates/gcc/startup_sam4s.o
UART1_Handler                                     src/ASF/sam/utils/cmsis/sam4s/source/templates/gcc/startup_sam4s.o
UDP_Handler                                       src/ASF/sam/utils/cmsis/sam4s/source/templates/gcc/startup_sam4s.o
USART0_Handler                                    src/ASF/sam/utils/cmsis/sam4s/source/templates/gcc/startup_sam4s.o
USART1_Handler                                    src/ASF/sam/utils/cmsis/sam4s/source/templates/gcc/startup_sam4s.o
UsageFault_Handler                                src/ASF/sam/utils/cmsis/sam4s/source/templates/gcc/startup_sam4s.o
WDT_Handler                                       src/ASF/sam/utils/cmsis/sam4s/source/templates/gcc/startup_sam4s.o
_Jv_RegisterClasses                               c:/program files (x86)/atmel/studio/7.0/toolchain/arm/arm-gnu-toolchain/bin/../lib/gcc/arm-none-eabi/6.2.1/thumb/v7e-m/crtbegin.o
__bss_end__                                       c:/program files (x86)/atmel/studio/7.0/toolchain/arm/arm-gnu-toolchain/bin/../lib/gcc/arm-none-eabi/6.2.1/../../../../arm-none-eabi/lib/thumb/v7e-m/crt0.o
__bss_start__                                     c:/program files (x86)/atmel/studio/7.0/toolchain/arm/arm-gnu-toolchain/bin/../lib/gcc/arm-none-eabi/6.2.1/../../../../arm-none-eabi/lib/thumb/v7e-m/crt0.o
__call_exitprocs                                  c:/program files (x86)/atmel/studio/7.0/toolchain/arm/arm-gnu-toolchain/bin/../lib/gcc/arm-none-eabi/6.2.1/../../../../arm-none-eabi/lib/thumb/v7e-m\libc.a(lib_a-__call_atexit.o)
                                                  c:/program files (x86)/atmel/studio/7.0/toolchain/arm/arm-gnu-toolchain/bin/../lib/gcc/arm-none-eabi/6.2.1/../../../../arm-none-eabi/lib/thumb/v7e-m\libc.a(lib_a-exit.o)
__deregister_frame_info                           c:/program files (x86)/atmel/studio/7.0/toolchain/arm/arm-gnu-toolchain/bin/../lib/gcc/arm-none-eabi/6.2.1/thumb/v7e-m/crtbegin.o
__dso_handle                                      c:/program files (x86)/atmel/studio/7.0/toolchain/arm/arm-gnu-toolchain/bin/../lib/gcc/arm-none-eabi/6.2.1/thumb/v7e-m/crtbegin.o
__fini_array_end                                  c:/program files (x86)/atmel/studio/7.0/toolchain/arm/arm-gnu-toolchain/bin/../lib/gcc/arm-none-eabi/6.2.1/../../../../arm-none-eabi/lib/thumb/v7e-m\libc.a(lib_a-fini.o)
__fini_array_start                                c:/program files (x86)/atmel/studio/7.0/toolchain/arm/arm-gnu-toolchain/bin/../lib/gcc/arm-none-eabi/6.2.1/../../../../arm-none-eabi/lib/thumb/v7e-m\libc.a(lib_a-fini.o)
__init_array_end                                  c:/program files (x86)/atmel/studio/7.0/toolchain/arm/arm-gnu-toolchain/bin/../lib/gcc/arm-none-eabi/6.2.1/../../../../arm-none-eabi/lib/thumb/v7e-m\libc.a(lib_a-init.o)
__init_array_start                                c:/program files (x86)/atmel/studio/7.0/toolchain/arm/arm-gnu-toolchain/bin/../lib/gcc/arm-none-eabi/6.2.1/../../../../arm-none-eabi/lib/thumb/v7e-m\libc.a(lib_a-init.o)
__libc_fini                                       c:/program files (x86)/atmel/studio/7.0/toolchain/arm/arm-gnu-toolchain/bin/../lib/gcc/arm-none-eabi/6.2.1/../../../../arm-none-eabi/lib/thumb/v7e-m\libc.a(lib_a-__call_atexit.o)
__libc_fini_array                                 c:/program files (x86)/atmel/studio/7.0/toolchain/arm/arm-gnu-toolchain/bin/../lib/gcc/arm-none-eabi/6.2.1/../../../../arm-none-eabi/lib/thumb/v7e-m\libc.a(lib_a-fini.o)
                                                  c:/program files (x86)/atmel/studio/7.0/toolchain/arm/arm-gnu-toolchain/bin/../lib/gcc/arm-none-eabi/6.2.1/../../../../arm-none-eabi/lib/thumb/v7e-m\libc.a(lib_a-__call_atexit.o)
                                                  c:/program files (x86)/atmel/studio/7.0/toolchain/arm/arm-gnu-toolchain/bin/../lib/gcc/arm-none-eabi/6.2.1/../../../../arm-none-eabi/lib/thumb/v7e-m/crt0.o
__libc_init_array                                 c:/program files (x86)/atmel/studio/7.0/toolchain/arm/arm-gnu-toolchain/bin/../lib/gcc/arm-none-eabi/6.2.1/../../../../arm-none-eabi/lib/thumb/v7e-m\libc.a(lib_a-init.o)
                                                  src/ASF/sam/utils/cmsis/sam4s/source/templates/gcc/startup_sam4s.o
                                                  c:/program files (x86)/atmel/studio/7.0/toolchain/arm/arm-gnu-toolchain/bin/../lib/gcc/arm-none-eabi/6.2.1/../../../../arm-none-eabi/lib/thumb/v7e-m/crt0.o
__preinit_array_end                               c:/program files (x86)/atmel/studio/7.0/toolchain/arm/arm-gnu-toolchain/bin/../lib/gcc/arm-none-eabi/6.2.1/../../../../arm-none-eabi/lib/thumb/v7e-m\libc.a(lib_a-init.o)
__preinit_array_start                             c:/program files (x86)/atmel/studio/7.0/toolchain/arm/arm-gnu-toolchain/bin/../lib/gcc/arm-none-eabi/6.2.1/../../../../arm-none-eabi/lib/thumb/v7e-m\libc.a(lib_a-init.o)
__ram_end__                                       src/ASF/sam/utils/syscalls/gcc/syscalls.o
__register_exitproc                               c:/program files (x86)/atmel/studio/7.0/toolchain/arm/arm-gnu-toolchain/bin/../lib/gcc/arm-none-eabi/6.2.1/../../../../arm-none-eabi/lib/thumb/v7e-m\libc.a(lib_a-__atexit.o)
                                                  c:/program files (x86)/atmel/studio/7.0/toolchain/arm/arm-gnu-toolchain/bin/../lib/gcc/arm-none-eabi/6.2.1/../../../../arm-none-eabi/lib/thumb/v7e-m\libc.a(lib_a-atexit.o)
__register_frame_info                             c:/program files (x86)/atmel/studio/7.0/toolchain/arm/arm-gnu-toolchain/bin/../lib/gcc/arm-none-eabi/6.2.1/thumb/v7e-m/crtbegin.o
__stack                                           c:/program files (x86)/atmel/studio/7.0/toolchain/arm/arm-gnu-toolchain/bin/../lib/gcc/arm-none-eabi/6.2.1/../../../../arm-none-eabi/lib/thumb/v7e-m/crt0.o
_close                                            src/ASF/sam/utils/syscalls/gcc/syscalls.o
_end                                              src/ASF/sam/utils/syscalls/gcc/syscalls.o
_erelocate                                        src/ASF/sam/utils/cmsis/sam4s/source/templates/gcc/startup_sam4s.o
_estack                                           src/ASF/sam/utils/cmsis/sam4s/source/templates/gcc/startup_sam4s.o
_etext                                            src/ASF/sam/utils/cmsis/sam4s/source/templates/gcc/startup_sam4s.o
_exit                                             src/ASF/sam/utils/syscalls/gcc/syscalls.o
                                                  c:/program files (x86)/atmel/studio/7.0/toolchain/arm/arm-gnu-toolchain/bin/../lib/gcc/arm-none-eabi/6.2.1/../../../../arm-none-eabi/lib/thumb/v7e-m\libc.a(lib_a-exit.o)
_ezero                                            src/ASF/sam/utils/cmsis/sam4s/source/templates/gcc/startup_sam4s.o
_fini                                             c:/program files (x86)/atmel/studio/7.0/toolchain/arm/arm-gnu-toolchain/bin/../lib/gcc/arm-none-eabi/6.2.1/thumb/v7e-m/crti.o
                                                  c:/program files (x86)/atmel/studio/7.0/toolchain/arm/arm-gnu-toolchain/bin/../lib/gcc/arm-none-eabi/6.2.1/../../../../arm-none-eabi/lib/thumb/v7e-m\libc.a(lib_a-fini.o)
_fstat                                            src/ASF/sam/utils/syscalls/gcc/syscalls.o
_getpid                                           src/ASF/sam/utils/syscalls/gcc/syscalls.o
_global_impure_ptr                                c:/program files (x86)/atmel/studio/7.0/toolchain/arm/arm-gnu-toolchain/bin/../lib/gcc/arm-none-eabi/6.2.1/../../../../arm-none-eabi/lib/thumb/v7e-m\libc.a(lib_a-impure.o)
                                                  c:/program files (x86)/atmel/studio/7.0/toolchain/arm/arm-gnu-toolchain/bin/../lib/gcc/arm-none-eabi/6.2.1/../../../../arm-none-eabi/lib/thumb/v7e-m\libc.a(lib_a-__atexit.o)
                                                  c:/program files (x86)/atmel/studio/7.0/toolchain/arm/arm-gnu-toolchain/bin/../lib/gcc/arm-none-eabi/6.2.1/../../../../arm-none-eabi/lib/thumb/v7e-m\libc.a(lib_a-__call_atexit.o)
                                                  c:/program files (x86)/atmel/studio/7.0/toolchain/arm/arm-gnu-toolchain/bin/../lib/gcc/arm-none-eabi/6.2.1/../../../../arm-none-eabi/lib/thumb/v7e-m\libc.a(lib_a-exit.o)
_impure_ptr                                       c:/program files (x86)/atmel/studio/7.0/toolchain/arm/arm-gnu-toolchain/bin/../lib/gcc/arm-none-eabi/6.2.1/../../../../arm-none-eabi/lib/thumb/v7e-m\libc.a(lib_a-impure.o)
_init                                             c:/program files (x86)/atmel/studio/7.0/toolchain/arm/arm-gnu-toolchain/bin/../lib/gcc/arm-none-eabi/6.2.1/thumb/v7e-m/crti.o
                                                  c:/program files (x86)/atmel/studio/7.0/toolchain/arm/arm-gnu-toolchain/bin/../lib/gcc/arm-none-eabi/6.2.1/../../../../arm-none-eabi/lib/thumb/v7e-m\libc.a(lib_a-init.o)
_isatty                                           src/ASF/sam/utils/syscalls/gcc/syscalls.o
_kill                                             src/ASF/sam/utils/syscalls/gcc/syscalls.o
_lseek                                            src/ASF/sam/utils/syscalls/gcc/syscalls.o
_mainCRTStartup                                   c:/program files (x86)/atmel/studio/7.0/toolchain/arm/arm-gnu-toolchain/bin/../lib/gcc/arm-none-eabi/6.2.1/../../../../arm-none-eabi/lib/thumb/v7e-m/crt0.o
_sbrk                                             src/ASF/sam/utils/syscalls/gcc/syscalls.o
_sfixed                                           src/ASF/sam/utils/cmsis/sam4s/source/templates/gcc/startup_sam4s.o
_srelocate                                        src/ASF/sam/utils/cmsis/sam4s/source/templates/gcc/startup_sam4s.o
_start                                            c:/program files (x86)/atmel/studio/7.0/toolchain/arm/arm-gnu-toolchain/bin/../lib/gcc/arm-none-eabi/6.2.1/../../../../arm-none-eabi/lib/thumb/v7e-m/crt0.o
_szero                                            src/ASF/sam/utils/cmsis/sam4s/source/templates/gcc/startup_sam4s.o
atexit                                            c:/program files (x86)/atmel/studio/7.0/toolchain/arm/arm-gnu-toolchain/bin/../lib/gcc/arm-none-eabi/6.2.1/../../../../arm-none-eabi/lib/thumb/v7e-m\libc.a(lib_a-atexit.o)
                                                  c:/program files (x86)/atmel/studio/7.0/toolchain/arm/arm-gnu-toolchain/bin/../lib/gcc/arm-none-eabi/6.2.1/../../../../arm-none-eabi/lib/thumb/v7e-m\libc.a(lib_a-__call_atexit.o)
                                                  c:/program files (x86)/atmel/studio/7.0/toolchain/arm/arm-gnu-toolchain/bin/../lib/gcc/arm-none-eabi/6.2.1/../../../../arm-none-eabi/lib/thumb/v7e-m/crt0.o
board_init                                        src/ASF/sam/boards/sam4s_ek2/init.o
                                                  src/main.o
cpu_irq_enter_critical                            src/ASF/common/utils/interrupt/interrupt_sam_nvic.o
cpu_irq_leave_critical                            src/ASF/common/utils/interrupt/interrupt_sam_nvic.o
exception_table                                   src/ASF/sam/utils/cmsis/sam4s/source/templates/gcc/startup_sam4s.o
exit                                              c:/program files (x86)/atmel/studio/7.0/toolchain/arm/arm-gnu-toolchain/bin/../lib/gcc/arm-none-eabi/6.2.1/../../../../arm-none-eabi/lib/thumb/v7e-m\libc.a(lib_a-exit.o)
                                                  c:/program files (x86)/atmel/studio/7.0/toolchain/arm/arm-gnu-toolchain/bin/../lib/gcc/arm-none-eabi/6.2.1/../../../../arm-none-eabi/lib/thumb/v7e-m/crt0.o
free                                              c:/program files (x86)/atmel/studio/7.0/toolchain/arm/arm-gnu-toolchain/bin/../lib/gcc/arm-none-eabi/6.2.1/../../../../arm-none-eabi/lib/thumb/v7e-m\libc.a(lib_a-__call_atexit.o)
g_interrupt_enabled                               src/ASF/common/utils/interrupt/interrupt_sam_nvic.o
                                                  src/ASF/sam/drivers/pmc/sleep.o
hardware_init_hook                                c:/program files (x86)/atmel/studio/7.0/toolchain/arm/arm-gnu-toolchain/bin/../lib/gcc/arm-none-eabi/6.2.1/../../../../arm-none-eabi/lib/thumb/v7e-m/crt0.o
link                                              src/ASF/sam/utils/syscalls/gcc/syscalls.o
main                                              src/main.o
                                                  src/ASF/sam/utils/cmsis/sam4s/source/templates/gcc/startup_sam4s.o
                                                  c:/program files (x86)/atmel/studio/7.0/toolchain/arm/arm-gnu-toolchain/bin/../lib/gcc/arm-none-eabi/6.2.1/../../../../arm-none-eabi/lib/thumb/v7e-m/crt0.o
malloc                                            c:/program files (x86)/atmel/studio/7.0/toolchain/arm/arm-gnu-toolchain/bin/../lib/gcc/arm-none-eabi/6.2.1/../../../../arm-none-eabi/lib/thumb/v7e-m\libc.a(lib_a-__atexit.o)
memset                                            c:/program files (x86)/atmel/studio/7.0/toolchain/arm/arm-gnu-toolchain/bin/../lib/gcc/arm-none-eabi/6.2.1/../../../../arm-none-eabi/lib/thumb/v7e-m\libc.a(lib_a-memset.o)
                                                  c:/program files (x86)/atmel/studio/7.0/toolchain/arm/arm-gnu-toolchain/bin/../lib/gcc/arm-none-eabi/6.2.1/../../../../arm-none-eabi/lib/thumb/v7e-m/crt0.o
pio_capture_disable                               src/ASF/sam/drivers/pio/pio.o
pio_capture_disable_interrupt                     src/ASF/sam/drivers/pio/pio.o
pio_capture_enable                                src/ASF/sam/drivers/pio/pio.o
pio_capture_enable_flag                           src/ASF/sam/drivers/pio/pio.o
                                                  src/ASF/sam/drivers/pio/pio_handler.o
pio_capture_enable_interrupt                      src/ASF/sam/drivers/pio/pio.o
pio_capture_get_interrupt_mask                    src/ASF/sam/drivers/pio/pio.o
pio_capture_get_interrupt_status                  src/ASF/sam/drivers/pio/pio.o
pio_capture_get_pdc_base                          src/ASF/sam/drivers/pio/pio.o
pio_capture_handler_set                           src/ASF/sam/drivers/pio/pio_handler.o
pio_capture_read                                  src/ASF/sam/drivers/pio/pio.o
pio_capture_set_mode                              src/ASF/sam/drivers/pio/pio.o
pio_clear                                         src/ASF/sam/drivers/pio/pio.o
pio_configure                                     src/ASF/sam/drivers/pio/pio.o
pio_configure_interrupt                           src/ASF/sam/drivers/pio/pio.o
                                                  src/ASF/sam/drivers/pio/pio_handler.o
pio_configure_pin                                 src/ASF/sam/drivers/pio/pio.o
                                                  src/ASF/sam/boards/sam4s_ek2/init.o
pio_configure_pin_group                           src/ASF/sam/drivers/pio/pio.o
                                                  src/ASF/sam/boards/sam4s_ek2/init.o
pio_disable_interrupt                             src/ASF/sam/drivers/pio/pio.o
                                                  src/ASF/sam/drivers/pio/pio_handler.o
pio_disable_output_write                          src/ASF/sam/drivers/pio/pio.o
pio_disable_pin_interrupt                         src/ASF/sam/drivers/pio/pio.o
pio_enable_interrupt                              src/ASF/sam/drivers/pio/pio.o
                                                  src/ASF/sam/drivers/pio/pio_handler.o
pio_enable_output_write                           src/ASF/sam/drivers/pio/pio.o
pio_enable_pin_interrupt                          src/ASF/sam/drivers/pio/pio.o
pio_get                                           src/ASF/sam/drivers/pio/pio.o
pio_get_interrupt_mask                            src/ASF/sam/drivers/pio/pio.o
                                                  src/ASF/sam/drivers/pio/pio_handler.o
pio_get_interrupt_status                          src/ASF/sam/drivers/pio/pio.o
                                                  src/ASF/sam/drivers/pio/pio_handler.o
pio_get_multi_driver_status                       src/ASF/sam/drivers/pio/pio.o
pio_get_output_data_status                        src/ASF/sam/drivers/pio/pio.o
pio_get_output_write_status                       src/ASF/sam/drivers/pio/pio.o
pio_get_pin_group                                 src/ASF/sam/drivers/pio/pio.o
                                                  src/ASF/sam/drivers/pio/pio_handler.o
pio_get_pin_group_id                              src/ASF/sam/drivers/pio/pio.o
                                                  src/ASF/sam/drivers/pio/pio_handler.o
pio_get_pin_group_mask                            src/ASF/sam/drivers/pio/pio.o
                                                  src/ASF/sam/drivers/pio/pio_handler.o
pio_get_pin_value                                 src/ASF/sam/drivers/pio/pio.o
pio_get_schmitt_trigger                           src/ASF/sam/drivers/pio/pio.o
pio_get_writeprotect_status                       src/ASF/sam/drivers/pio/pio.o
pio_handler_process                               src/ASF/sam/drivers/pio/pio_handler.o
pio_handler_set                                   src/ASF/sam/drivers/pio/pio_handler.o
pio_handler_set_pin                               src/ASF/sam/drivers/pio/pio_handler.o
pio_handler_set_priority                          src/ASF/sam/drivers/pio/pio_handler.o
pio_pull_down                                     src/ASF/sam/drivers/pio/pio.o
pio_pull_up                                       src/ASF/sam/drivers/pio/pio.o
pio_set                                           src/ASF/sam/drivers/pio/pio.o
pio_set_additional_interrupt_mode                 src/ASF/sam/drivers/pio/pio.o
pio_set_debounce_filter                           src/ASF/sam/drivers/pio/pio.o
pio_set_input                                     src/ASF/sam/drivers/pio/pio.o
pio_set_multi_driver                              src/ASF/sam/drivers/pio/pio.o
pio_set_output                                    src/ASF/sam/drivers/pio/pio.o
pio_set_peripheral                                src/ASF/sam/drivers/pio/pio.o
pio_set_pin_group_high                            src/ASF/sam/drivers/pio/pio.o
pio_set_pin_group_low                             src/ASF/sam/drivers/pio/pio.o
pio_set_pin_high                                  src/ASF/sam/drivers/pio/pio.o
                                                  src/ASF/sam/boards/sam4s_ek2/led.o
pio_set_pin_low                                   src/ASF/sam/drivers/pio/pio.o
                                                  src/ASF/sam/boards/sam4s_ek2/led.o
                                                  src/ASF/sam/boards/sam4s_ek2/init.o
pio_set_schmitt_trigger                           src/ASF/sam/drivers/pio/pio.o
pio_set_writeprotect                              src/ASF/sam/drivers/pio/pio.o
pio_sync_output_write                             src/ASF/sam/drivers/pio/pio.o
pio_toggle_pin                                    src/ASF/sam/drivers/pio/pio.o
pio_toggle_pin_group                              src/ASF/sam/drivers/pio/pio.o
pmc_clr_fast_startup_input                        src/ASF/sam/drivers/pmc/pmc.o
pmc_disable_all_pck                               src/ASF/sam/drivers/pmc/pmc.o
pmc_disable_all_periph_clk                        src/ASF/sam/drivers/pmc/pmc.o
pmc_disable_clock_failure_detector                src/ASF/sam/drivers/pmc/pmc.o
pmc_disable_interrupt                             src/ASF/sam/drivers/pmc/pmc.o
pmc_disable_pck                                   src/ASF/sam/drivers/pmc/pmc.o
pmc_disable_periph_clk                            src/ASF/sam/drivers/pmc/pmc.o
pmc_disable_pllack                                src/ASF/sam/drivers/pmc/pmc.o
                                                  src/ASF/sam/drivers/pmc/sleep.o
                                                  src/ASF/common/services/clock/sam4s/sysclk.o
pmc_disable_pllbck                                src/ASF/sam/drivers/pmc/pmc.o
                                                  src/ASF/sam/drivers/pmc/sleep.o
pmc_disable_udpck                                 src/ASF/sam/drivers/pmc/pmc.o
pmc_enable_all_pck                                src/ASF/sam/drivers/pmc/pmc.o
pmc_enable_all_periph_clk                         src/ASF/sam/drivers/pmc/pmc.o
pmc_enable_backupmode                             src/ASF/sam/drivers/pmc/pmc.o
pmc_enable_clock_failure_detector                 src/ASF/sam/drivers/pmc/pmc.o
pmc_enable_interrupt                              src/ASF/sam/drivers/pmc/pmc.o
pmc_enable_pck                                    src/ASF/sam/drivers/pmc/pmc.o
pmc_enable_periph_clk                             src/ASF/sam/drivers/pmc/pmc.o
                                                  src/ASF/sam/boards/sam4s_ek2/init.o
pmc_enable_pllack                                 src/ASF/sam/drivers/pmc/pmc.o
pmc_enable_pllbck                                 src/ASF/sam/drivers/pmc/pmc.o
pmc_enable_sleepmode                              src/ASF/sam/drivers/pmc/pmc.o
pmc_enable_udpck                                  src/ASF/sam/drivers/pmc/pmc.o
pmc_enable_waitmode                               src/ASF/sam/drivers/pmc/pmc.o
                                                  src/ASF/sam/drivers/pmc/sleep.o
pmc_get_interrupt_mask                            src/ASF/sam/drivers/pmc/pmc.o
pmc_get_status                                    src/ASF/sam/drivers/pmc/pmc.o
pmc_get_writeprotect_status                       src/ASF/sam/drivers/pmc/pmc.o
pmc_is_locked_pllack                              src/ASF/sam/drivers/pmc/pmc.o
                                                  src/ASF/common/services/clock/sam4s/sysclk.o
pmc_is_locked_pllbck                              src/ASF/sam/drivers/pmc/pmc.o
pmc_is_pck_enabled                                src/ASF/sam/drivers/pmc/pmc.o
pmc_is_periph_clk_enabled                         src/ASF/sam/drivers/pmc/pmc.o
pmc_is_wakeup_clocks_restored                     src/ASF/sam/drivers/pmc/sleep.o
pmc_mainck_osc_select                             src/ASF/sam/drivers/pmc/pmc.o
pmc_mck_set_prescaler                             src/ASF/sam/drivers/pmc/pmc.o
                                                  src/ASF/common/services/clock/sam4s/sysclk.o
pmc_mck_set_source                                src/ASF/sam/drivers/pmc/pmc.o
                                                  src/ASF/common/services/clock/sam4s/sysclk.o
pmc_osc_bypass_main_xtal                          src/ASF/sam/drivers/pmc/pmc.o
pmc_osc_disable_fastrc                            src/ASF/sam/drivers/pmc/pmc.o
pmc_osc_disable_main_xtal                         src/ASF/sam/drivers/pmc/pmc.o
pmc_osc_disable_xtal                              src/ASF/sam/drivers/pmc/pmc.o
pmc_osc_enable_fastrc                             src/ASF/sam/drivers/pmc/pmc.o
pmc_osc_enable_main_xtal                          src/ASF/sam/drivers/pmc/pmc.o
pmc_osc_is_bypassed_main_xtal                     src/ASF/sam/drivers/pmc/pmc.o
pmc_osc_is_ready_32kxtal                          src/ASF/sam/drivers/pmc/pmc.o
pmc_osc_is_ready_fastrc                           src/ASF/sam/drivers/pmc/pmc.o
pmc_osc_is_ready_main_xtal                        src/ASF/sam/drivers/pmc/pmc.o
pmc_osc_is_ready_mainck                           src/ASF/sam/drivers/pmc/pmc.o
                                                  src/ASF/common/services/clock/sam4s/sysclk.o
pmc_pck_set_prescaler                             src/ASF/sam/drivers/pmc/pmc.o
pmc_pck_set_source                                src/ASF/sam/drivers/pmc/pmc.o
pmc_set_fast_startup_input                        src/ASF/sam/drivers/pmc/pmc.o
pmc_set_flash_in_wait_mode                        src/ASF/sam/drivers/pmc/pmc.o
                                                  src/ASF/sam/drivers/pmc/sleep.o
pmc_set_writeprotect                              src/ASF/sam/drivers/pmc/pmc.o
pmc_sleep                                         src/ASF/sam/drivers/pmc/sleep.o
pmc_switch_mainck_to_fastrc                       src/ASF/sam/drivers/pmc/pmc.o
pmc_switch_mainck_to_xtal                         src/ASF/sam/drivers/pmc/pmc.o
                                                  src/ASF/common/services/clock/sam4s/sysclk.o
pmc_switch_mck_to_mainck                          src/ASF/sam/drivers/pmc/pmc.o
pmc_switch_mck_to_pllack                          src/ASF/sam/drivers/pmc/pmc.o
                                                  src/ASF/common/services/clock/sam4s/sysclk.o
pmc_switch_mck_to_pllbck                          src/ASF/sam/drivers/pmc/pmc.o
pmc_switch_mck_to_sclk                            src/ASF/sam/drivers/pmc/pmc.o
pmc_switch_pck_to_mainck                          src/ASF/sam/drivers/pmc/pmc.o
pmc_switch_pck_to_mck                             src/ASF/sam/drivers/pmc/pmc.o
pmc_switch_pck_to_pllack                          src/ASF/sam/drivers/pmc/pmc.o
pmc_switch_pck_to_pllbck                          src/ASF/sam/drivers/pmc/pmc.o
pmc_switch_pck_to_sclk                            src/ASF/sam/drivers/pmc/pmc.o
pmc_switch_sclk_to_32kxtal                        src/ASF/sam/drivers/pmc/pmc.o
pmc_switch_udpck_to_pllack                        src/ASF/sam/drivers/pmc/pmc.o
pmc_switch_udpck_to_pllbck                        src/ASF/sam/drivers/pmc/pmc.o
pmc_wait_wakeup_clocks_restore                    src/ASF/sam/drivers/pmc/sleep.o
portable_delay_cycles                             src/ASF/common/services/delay/sam/cycle_counter.o
                                                  src/main.o
software_init_hook                                c:/program files (x86)/atmel/studio/7.0/toolchain/arm/arm-gnu-toolchain/bin/../lib/gcc/arm-none-eabi/6.2.1/../../../../arm-none-eabi/lib/thumb/v7e-m/crt0.o
sysclk_init                                       src/ASF/common/services/clock/sam4s/sysclk.o
                                                  src/main.o
sysclk_set_prescalers                             src/ASF/common/services/clock/sam4s/sysclk.o
sysclk_set_source                                 src/ASF/common/services/clock/sam4s/sysclk.o
system_init_flash                                 src/ASF/sam/utils/cmsis/sam4s/source/templates/system_sam4s.o
                                                  src/ASF/common/services/clock/sam4s/sysclk.o
